// Jest Snapshot v1, https://goo.gl/fbAQLP

exports[`renders correctly 1`] = `
<RCTScrollView
  contentContainerStyle={
    Object {
      "alignItems": "center",
      "justifyContent": "center",
    }
  }
  style={
    Object {
      "backgroundColor": "#fff",
      "flex": 1,
      "flexDirection": "column",
    }
  }
>
  <View>
    <View>
      <Modal
        animationType="none"
        hardwareAccelerated={false}
        onModalHide={[Function]}
        onRequestClose={[Function]}
        transparent={true}
        visible={false}
      >
        <View
          accessible={true}
          onResponderGrant={[Function]}
          onResponderMove={[Function]}
          onResponderRelease={[Function]}
          onResponderTerminate={[Function]}
          onResponderTerminationRequest={[Function]}
          onStartShouldSetResponder={[Function]}
          style={
            Object {
              "backgroundColor": "black",
              "bottom": 0,
              "height": 1334,
              "left": 0,
              "opacity": 0,
              "position": "absolute",
              "right": 0,
              "top": 0,
              "width": 750,
            }
          }
        />
        <View
          onModalHide={[Function]}
          pointerEvents="box-none"
          style={
            Object {
              "flex": 1,
              "justifyContent": "center",
              "margin": 37.5,
              "transform": Array [
                Object {
                  "translateY": 0,
                },
              ],
            }
          }
        >
          <View
            style={
              Object {
                "alignItems": "center",
                "backgroundColor": "#fafafa",
                "borderRadius": 10,
                "padding": 15,
                "paddingTop": 25,
              }
            }
          >
            <Text
              accessible={true}
              allowFontScaling={true}
              ellipsizeMode="tail"
              style={
                Object {
                  "color": "#000",
                  "fontSize": 21,
                  "margin": 5,
                  "textAlign": "center",
                }
              }
            />
            <View
              style={
                Object {
                  "margin": 10,
                }
              }
            >
              <Text
                accessible={true}
                allowFontScaling={false}
                ellipsizeMode="tail"
                style={
                  Array [
                    Object {
                      "color": "#16ab39",
                      "fontSize": 50,
                    },
                    undefined,
                    Object {
                      "fontFamily": "Ionicons",
                      "fontStyle": "normal",
                      "fontWeight": "normal",
                    },
                  ]
                }
              >
                
              </Text>
            </View>
          </View>
        </View>
      </Modal>
    </View>
    <View
      style={
        Object {
          "alignItems": "center",
          "backgroundColor": "#fff",
          "flex": 1,
          "flexDirection": "column",
          "justifyContent": "center",
        }
      }
    >
      <View
        style={
          Object {
            "alignItems": "center",
            "flexDirection": "column",
            "justifyContent": "center",
            "padding": 7,
          }
        }
      >
        <View>
          <View>
            <Modal
              animationType="none"
              hardwareAccelerated={false}
              onModalHide={[Function]}
              onRequestClose={[Function]}
              transparent={true}
              visible={false}
            >
              <View
                accessible={true}
                onResponderGrant={[Function]}
                onResponderMove={[Function]}
                onResponderRelease={[Function]}
                onResponderTerminate={[Function]}
                onResponderTerminationRequest={[Function]}
                onStartShouldSetResponder={[Function]}
                style={
                  Object {
                    "backgroundColor": "black",
                    "bottom": 0,
                    "height": 1334,
                    "left": 0,
                    "opacity": 0,
                    "position": "absolute",
                    "right": 0,
                    "top": 0,
                    "width": 750,
                  }
                }
              />
              <View
                onModalHide={[Function]}
                pointerEvents="box-none"
                style={
                  Object {
                    "flex": 1,
                    "justifyContent": "center",
                    "margin": 37.5,
                    "transform": Array [
                      Object {
                        "translateY": 0,
                      },
                    ],
                  }
                }
              >
                <View
                  style={
                    Object {
                      "alignItems": "center",
                      "backgroundColor": "white",
                      "borderColor": "#000",
                      "borderRadius": 10,
                      "borderWidth": 2,
                      "flexDirection": "row",
                      "justifyContent": "center",
                      "padding": 15,
                    }
                  }
                >
                  <View
                    accessible={true}
                    isTVSelectable={true}
                    onResponderGrant={[Function]}
                    onResponderMove={[Function]}
                    onResponderRelease={[Function]}
                    onResponderTerminate={[Function]}
                    onResponderTerminationRequest={[Function]}
                    onStartShouldSetResponder={[Function]}
                    style={
                      Array [
                        Object {
                          "backgroundColor": "transparent",
                        },
                        Object {
                          "backgroundColor": "#2296F3",
                          "borderRadius": 28,
                          "height": 56,
                          "margin": 0,
                          "marginBottom": 5,
                          "marginRight": 6,
                          "paddingLeft": 10,
                          "paddingTop": 7,
                          "width": 56,
                        },
                      ]
                    }
                  >
                    <Text
                      accessible={true}
                      allowFontScaling={false}
                      ellipsizeMode="tail"
                      style={
                        Array [
                          Object {
                            "color": "white",
                            "fontSize": 40,
                          },
                          undefined,
                          Object {
                            "fontFamily": "Ionicons",
                            "fontStyle": "normal",
                            "fontWeight": "normal",
                          },
                        ]
                      }
                    >
                      
                    </Text>
                  </View>
                  <View
                    accessible={true}
                    isTVSelectable={true}
                    onResponderGrant={[Function]}
                    onResponderMove={[Function]}
                    onResponderRelease={[Function]}
                    onResponderTerminate={[Function]}
                    onResponderTerminationRequest={[Function]}
                    onStartShouldSetResponder={[Function]}
                    style={
                      Array [
                        Object {
                          "backgroundColor": "transparent",
                        },
                        Array [
                          Object {
                            "backgroundColor": "#2296F3",
                            "borderRadius": 28,
                            "height": 56,
                            "margin": 0,
                            "marginBottom": 5,
                            "marginRight": 6,
                            "paddingLeft": 10,
                            "paddingTop": 7,
                            "width": 56,
                          },
                          Object {
                            "marginLeft": 12,
                          },
                        ],
                      ]
                    }
                  >
                    <Text
                      accessible={true}
                      allowFontScaling={false}
                      ellipsizeMode="tail"
                      style={
                        Array [
                          Object {
                            "color": "white",
                            "fontSize": 40,
                          },
                          undefined,
                          Object {
                            "fontFamily": "Ionicons",
                            "fontStyle": "normal",
                            "fontWeight": "normal",
                          },
                        ]
                      }
                    >
                      
                    </Text>
                  </View>
                </View>
              </View>
            </Modal>
          </View>
          <View
            accessible={true}
            isTVSelectable={true}
            onResponderGrant={[Function]}
            onResponderMove={[Function]}
            onResponderRelease={[Function]}
            onResponderTerminate={[Function]}
            onResponderTerminationRequest={[Function]}
            onStartShouldSetResponder={[Function]}
            style={
              Object {
                "alignItems": "center",
                "backgroundColor": "#fff",
                "borderColor": "#2296F3",
                "borderRadius": 75,
                "borderWidth": 5,
                "height": 150,
                "justifyContent": "center",
                "margin": 10,
                "marginBottom": 0,
                "marginTop": 20,
                "opacity": 1,
                "width": 150,
              }
            }
          >
            <Image
              source={
                Object {
                  "testUri": "../../../assets/if_kid_1930420.png",
                }
              }
              style={
                Object {
                  "height": 110,
                  "width": 110,
                }
              }
            />
          </View>
        </View>
      </View>
      <View>
        <View>
          <View />
        </View>
      </View>
      <View>
        <View
          style={
            Object {
              "alignItems": "center",
              "flexDirection": "column",
              "justifyContent": "center",
              "padding": 7,
            }
          }
        >
          <Text
            accessible={true}
            allowFontScaling={true}
            ellipsizeMode="tail"
            style={
              Array [
                Object {
                  "color": "#333",
                  "fontSize": 18,
                  "fontWeight": "bold",
                  "marginTop": 5,
                },
                Object {},
              ]
            }
          >
            Nombre del bebe
          </Text>
          <TextInput
            allowFontScaling={true}
            maxLength={40}
            onChangeText={[Function]}
            placeholder="Nombre del bebe"
            style={
              Array [
                Object {
                  "backgroundColor": "#fff",
                  "borderColor": "#DDD",
                  "borderRadius": 10,
                  "borderWidth": 1,
                  "fontSize": 16,
                  "height": 50,
                  "margin": 5,
                  "padding": 5,
                  "width": 250,
                },
                Object {},
              ]
            }
            underlineColorAndroid="rgba(0,0,0,0)"
            value=""
          />
        </View>
      </View>
      <View
        style={
          Object {
            "alignItems": "center",
            "flexDirection": "column",
            "justifyContent": "center",
            "padding": 7,
          }
        }
      >
        <Text
          accessible={true}
          allowFontScaling={true}
          ellipsizeMode="tail"
          style={
            Object {
              "color": "#333",
              "fontSize": 18,
              "fontWeight": "bold",
              "marginTop": 5,
            }
          }
        >
          Sexo
        </Text>
        <View
          style={
            Object {
              "backgroundColor": "#fff",
              "borderColor": "#ddd",
              "borderRadius": 10,
              "borderWidth": 1,
              "height": 50,
              "margin": 5,
              "padding": 5,
              "width": 200,
            }
          }
        >
          <View
            style={
              Object {
                "backgroundColor": "#fff",
                "borderColor": "#333",
                "borderWidth": 0,
                "height": 35,
                "width": "90%",
              }
            }
          >
            <RCTPicker
              items={
                Array [
                  Object {
                    "label": "Femenino",
                    "textColor": undefined,
                    "value": "female",
                  },
                  Object {
                    "label": "Masculino",
                    "textColor": undefined,
                    "value": "male",
                  },
                ]
              }
              onChange={[Function]}
              onResponderTerminationRequest={[Function]}
              onStartShouldSetResponder={[Function]}
              selectedIndex={0}
              style={
                Array [
                  Object {
                    "height": 216,
                  },
                  undefined,
                ]
              }
            />
          </View>
        </View>
      </View>
      <View>
        <View
          style={
            Object {
              "alignItems": "center",
              "flexDirection": "column",
              "justifyContent": "center",
              "padding": 7,
            }
          }
        >
          <Text
            accessible={true}
            allowFontScaling={true}
            ellipsizeMode="tail"
            style={
              Array [
                Object {
                  "color": "#333",
                  "fontSize": 18,
                  "fontWeight": "bold",
                  "marginTop": 5,
                },
                Object {},
              ]
            }
          >
            Fecha de nacimiento
          </Text>
          <View
            accessible={true}
            isTVSelectable={true}
            onResponderGrant={[Function]}
            onResponderMove={[Function]}
            onResponderRelease={[Function]}
            onResponderTerminate={[Function]}
            onResponderTerminationRequest={[Function]}
            onStartShouldSetResponder={[Function]}
            style={
              Array [
                Object {
                  "backgroundColor": "transparent",
                },
                undefined,
              ]
            }
          >
            <Text
              accessible={true}
              allowFontScaling={true}
              ellipsizeMode="tail"
              style={
                Array [
                  Object {
                    "backgroundColor": "#fff",
                    "borderColor": "#DDD",
                    "borderRadius": 10,
                    "borderWidth": 1,
                    "color": "#333",
                    "fontSize": 16,
                    "fontWeight": "bold",
                    "marginTop": 5,
                    "padding": 7,
                    "paddingBottom": 5,
                    "paddingLeft": 15,
                    "paddingRight": 15,
                    "paddingTop": 10,
                    "textAlign": "center",
                    "width": 140,
                  },
                  Object {},
                ]
              }
            >
              11 / 06 / 2018
            </Text>
          </View>
        </View>
      </View>
      <View>
        <View
          accessible={true}
          isTVSelectable={true}
          onResponderGrant={[Function]}
          onResponderMove={[Function]}
          onResponderRelease={[Function]}
          onResponderTerminate={[Function]}
          onResponderTerminationRequest={[Function]}
          onStartShouldSetResponder={[Function]}
          style={
            Array [
              Object {
                "backgroundColor": "transparent",
              },
              Object {
                "margin": 20,
              },
            ]
          }
        >
          <Text
            accessible={true}
            allowFontScaling={false}
            ellipsizeMode="tail"
            style={
              Array [
                Object {
                  "color": "#000",
                  "fontSize": 64,
                },
                undefined,
                Object {
                  "fontFamily": "Ionicons",
                  "fontStyle": "normal",
                  "fontWeight": "normal",
                },
              ]
            }
          >
            
          </Text>
        </View>
      </View>
    </View>
  </View>
</RCTScrollView>
`;
