// Jest Snapshot v1, https://goo.gl/fbAQLP

exports[`renders correctly 1`] = `
<View
  style={
    Array [
      Object {
        "alignItems": "center",
        "backgroundColor": "#fff",
        "flex": 1,
      },
      Object {
        "paddingTop": 60,
      },
    ]
  }
>
  <Text
    accessible={true}
    allowFontScaling={true}
    ellipsizeMode="tail"
    style={
      Array [
        Object {
          "color": "#333",
          "fontSize": 24,
          "fontWeight": "bold",
          "margin": 8,
          "marginTop": 0,
        },
        Object {
          "padding": 20,
        },
      ]
    }
  >
    ¡Bienvenido a BabyHelper!
  </Text>
  <View>
    <Image
      source={
        Object {
          "testUri": "../../../assets/if_kid_1930420.png",
        }
      }
      style={
        Object {
          "height": 120,
          "width": 120,
        }
      }
    />
  </View>
  <View
    accessible={true}
    isTVSelectable={true}
    onResponderGrant={[Function]}
    onResponderMove={[Function]}
    onResponderRelease={[Function]}
    onResponderTerminate={[Function]}
    onResponderTerminationRequest={[Function]}
    onStartShouldSetResponder={[Function]}
    style={
      Object {
        "backgroundColor": "#e0e1e2",
        "borderRadius": 10,
        "height": 50,
        "margin": 20,
        "opacity": 1,
        "overflow": "hidden",
        "padding": 10,
        "paddingLeft": 20,
        "paddingRight": 20,
      }
    }
  >
    <View>
      <Text
        accessible={true}
        allowFontScaling={true}
        ellipsizeMode="tail"
        style={
          Object {
            "color": "rgba(0,0,0,.6)",
            "fontSize": 16,
            "fontWeight": "bold",
            "textAlign": "center",
          }
        }
      >
        ¡Empieza Ahora!
      </Text>
    </View>
  </View>
</View>
`;
