// Jest Snapshot v1, https://goo.gl/fbAQLP

exports[`renders correctly 1`] = `
<RCTScrollView
  style={
    Object {
      "flex": 1,
    }
  }
>
  <View>
    <View>
      <Modal
        animationType="none"
        hardwareAccelerated={false}
        onModalHide={[Function]}
        onRequestClose={[Function]}
        transparent={true}
        visible={false}
      >
        <View
          accessible={true}
          onResponderGrant={[Function]}
          onResponderMove={[Function]}
          onResponderRelease={[Function]}
          onResponderTerminate={[Function]}
          onResponderTerminationRequest={[Function]}
          onStartShouldSetResponder={[Function]}
          style={
            Object {
              "backgroundColor": "black",
              "bottom": 0,
              "height": 1334,
              "left": 0,
              "opacity": 0,
              "position": "absolute",
              "right": 0,
              "top": 0,
              "width": 750,
            }
          }
        />
        <View
          onModalHide={[Function]}
          pointerEvents="box-none"
          style={
            Object {
              "flex": 1,
              "justifyContent": "center",
              "margin": 37.5,
              "transform": Array [
                Object {
                  "translateY": 0,
                },
              ],
            }
          }
        >
          <View
            style={
              Object {
                "alignItems": "center",
                "backgroundColor": "#fff",
                "borderRadius": 10,
                "justifyContent": "center",
                "padding": 10,
                "paddingTop": 20,
                "width": "100%",
              }
            }
          >
            <Text
              accessible={true}
              allowFontScaling={true}
              ellipsizeMode="tail"
              style={
                Object {
                  "fontSize": 24,
                  "fontWeight": "bold",
                  "marginBottom": 10,
                  "textAlign": "center",
                }
              }
            >
              ¡Gracias por tu registro!
            </Text>
            <Text
              accessible={true}
              allowFontScaling={true}
              ellipsizeMode="tail"
              style={
                Object {
                  "fontSize": 20,
                  "marginBottom": 10,
                  "textAlign": "center",
                }
              }
            >
              Solo queda un paso para completar tu cuenta.
            </Text>
            <Text
              accessible={true}
              allowFontScaling={true}
              ellipsizeMode="tail"
              style={
                Object {
                  "fontSize": 16,
                  "marginBottom": 10,
                  "textAlign": "center",
                }
              }
            >
              Hemos enviado un código a tu cuenta de correo, introducelo a continuación para acabar el registro.
            </Text>
            <View
              style={
                Object {
                  "flexDirection": "row",
                }
              }
            >
              <TextInput
                allowFontScaling={true}
                maxLength={6}
                onChangeText={[Function]}
                placeholder="111"
                style={
                  Array [
                    Object {
                      "backgroundColor": "#fff",
                      "borderColor": "#DDD",
                      "borderRadius": 10,
                      "borderWidth": 1,
                      "fontSize": 16,
                      "height": 50,
                      "margin": 5,
                      "padding": 5,
                      "width": 250,
                    },
                    Object {
                      "textAlign": "center",
                      "width": "25%",
                    },
                  ]
                }
                underlineColorAndroid="rgba(0,0,0,0)"
              />
              <Text
                accessible={true}
                allowFontScaling={true}
                ellipsizeMode="tail"
                style={
                  Object {
                    "fontSize": 24,
                    "fontWeight": "bold",
                    "marginTop": 10,
                  }
                }
              >
                 - 
              </Text>
              <TextInput
                allowFontScaling={true}
                maxLength={6}
                onChangeText={[Function]}
                placeholder="222"
                style={
                  Array [
                    Object {
                      "backgroundColor": "#fff",
                      "borderColor": "#DDD",
                      "borderRadius": 10,
                      "borderWidth": 1,
                      "fontSize": 16,
                      "height": 50,
                      "margin": 5,
                      "padding": 5,
                      "width": 250,
                    },
                    Object {
                      "textAlign": "center",
                      "width": "25%",
                    },
                  ]
                }
                underlineColorAndroid="rgba(0,0,0,0)"
              />
            </View>
            <View
              accessible={true}
              isTVSelectable={true}
              onResponderGrant={[Function]}
              onResponderMove={[Function]}
              onResponderRelease={[Function]}
              onResponderTerminate={[Function]}
              onResponderTerminationRequest={[Function]}
              onStartShouldSetResponder={[Function]}
              style={
                Object {
                  "backgroundColor": "#e0e1e2",
                  "borderRadius": 10,
                  "height": 50,
                  "margin": 20,
                  "opacity": 1,
                  "overflow": "hidden",
                  "padding": 10,
                  "paddingLeft": 20,
                  "paddingRight": 20,
                }
              }
            >
              <View>
                <Text
                  accessible={true}
                  allowFontScaling={true}
                  ellipsizeMode="tail"
                  style={
                    Object {
                      "color": "rgba(0,0,0,.6)",
                      "fontSize": 16,
                      "fontWeight": "bold",
                      "textAlign": "center",
                    }
                  }
                >
                  Confirmar
                </Text>
              </View>
            </View>
          </View>
        </View>
      </Modal>
    </View>
    <View
      style={
        Object {
          "alignItems": "center",
          "backgroundColor": "#fff",
          "flex": 1,
          "flexDirection": "column",
          "justifyContent": "center",
        }
      }
    >
      <View
        style={
          Object {
            "alignItems": "center",
            "flexDirection": "column",
            "justifyContent": "center",
            "padding": 7,
          }
        }
      >
        <View>
          <View>
            <Modal
              animationType="none"
              hardwareAccelerated={false}
              onModalHide={[Function]}
              onRequestClose={[Function]}
              transparent={true}
              visible={false}
            >
              <View
                accessible={true}
                onResponderGrant={[Function]}
                onResponderMove={[Function]}
                onResponderRelease={[Function]}
                onResponderTerminate={[Function]}
                onResponderTerminationRequest={[Function]}
                onStartShouldSetResponder={[Function]}
                style={
                  Object {
                    "backgroundColor": "black",
                    "bottom": 0,
                    "height": 1334,
                    "left": 0,
                    "opacity": 0,
                    "position": "absolute",
                    "right": 0,
                    "top": 0,
                    "width": 750,
                  }
                }
              />
              <View
                onModalHide={[Function]}
                pointerEvents="box-none"
                style={
                  Object {
                    "flex": 1,
                    "justifyContent": "center",
                    "margin": 37.5,
                    "transform": Array [
                      Object {
                        "translateY": 0,
                      },
                    ],
                  }
                }
              >
                <View
                  style={
                    Object {
                      "alignItems": "center",
                      "backgroundColor": "white",
                      "borderColor": "#000",
                      "borderRadius": 10,
                      "borderWidth": 2,
                      "flexDirection": "row",
                      "justifyContent": "center",
                      "padding": 15,
                    }
                  }
                >
                  <View
                    accessible={true}
                    isTVSelectable={true}
                    onResponderGrant={[Function]}
                    onResponderMove={[Function]}
                    onResponderRelease={[Function]}
                    onResponderTerminate={[Function]}
                    onResponderTerminationRequest={[Function]}
                    onStartShouldSetResponder={[Function]}
                    style={
                      Array [
                        Object {
                          "backgroundColor": "transparent",
                        },
                        Object {
                          "backgroundColor": "#2296F3",
                          "borderRadius": 28,
                          "height": 56,
                          "margin": 0,
                          "marginBottom": 5,
                          "marginRight": 6,
                          "paddingLeft": 10,
                          "paddingTop": 7,
                          "width": 56,
                        },
                      ]
                    }
                  >
                    <Text
                      accessible={true}
                      allowFontScaling={false}
                      ellipsizeMode="tail"
                      style={
                        Array [
                          Object {
                            "color": "white",
                            "fontSize": 40,
                          },
                          undefined,
                          Object {
                            "fontFamily": "Ionicons",
                            "fontStyle": "normal",
                            "fontWeight": "normal",
                          },
                        ]
                      }
                    >
                      
                    </Text>
                  </View>
                  <View
                    accessible={true}
                    isTVSelectable={true}
                    onResponderGrant={[Function]}
                    onResponderMove={[Function]}
                    onResponderRelease={[Function]}
                    onResponderTerminate={[Function]}
                    onResponderTerminationRequest={[Function]}
                    onStartShouldSetResponder={[Function]}
                    style={
                      Array [
                        Object {
                          "backgroundColor": "transparent",
                        },
                        Array [
                          Object {
                            "backgroundColor": "#2296F3",
                            "borderRadius": 28,
                            "height": 56,
                            "margin": 0,
                            "marginBottom": 5,
                            "marginRight": 6,
                            "paddingLeft": 10,
                            "paddingTop": 7,
                            "width": 56,
                          },
                          Object {
                            "marginLeft": 12,
                          },
                        ],
                      ]
                    }
                  >
                    <Text
                      accessible={true}
                      allowFontScaling={false}
                      ellipsizeMode="tail"
                      style={
                        Array [
                          Object {
                            "color": "white",
                            "fontSize": 40,
                          },
                          undefined,
                          Object {
                            "fontFamily": "Ionicons",
                            "fontStyle": "normal",
                            "fontWeight": "normal",
                          },
                        ]
                      }
                    >
                      
                    </Text>
                  </View>
                </View>
              </View>
            </Modal>
          </View>
          <View
            accessible={true}
            isTVSelectable={true}
            onResponderGrant={[Function]}
            onResponderMove={[Function]}
            onResponderRelease={[Function]}
            onResponderTerminate={[Function]}
            onResponderTerminationRequest={[Function]}
            onStartShouldSetResponder={[Function]}
            style={
              Object {
                "alignItems": "center",
                "backgroundColor": "#fff",
                "borderColor": "#2296F3",
                "borderRadius": 75,
                "borderWidth": 5,
                "height": 150,
                "justifyContent": "center",
                "margin": 10,
                "marginBottom": 0,
                "marginTop": 20,
                "opacity": 1,
                "width": 150,
              }
            }
          >
            <Image
              source={
                Object {
                  "testUri": "../../../assets/if_Face_blonde_2099205.png",
                }
              }
              style={
                Object {
                  "height": 110,
                  "width": 110,
                }
              }
            />
          </View>
        </View>
      </View>
      <View>
        <View>
          <View />
        </View>
      </View>
      <View>
        <View
          style={
            Object {
              "alignItems": "center",
              "flexDirection": "column",
              "justifyContent": "center",
              "padding": 7,
            }
          }
        >
          <Text
            accessible={true}
            allowFontScaling={true}
            ellipsizeMode="tail"
            style={
              Array [
                Object {
                  "color": "#333",
                  "fontSize": 18,
                  "fontWeight": "bold",
                  "marginTop": 5,
                },
                Object {},
              ]
            }
          >
            Nombre
          </Text>
          <TextInput
            allowFontScaling={true}
            maxLength={40}
            onChangeText={[Function]}
            placeholder="Mi nombre"
            style={
              Array [
                Object {
                  "backgroundColor": "#fff",
                  "borderColor": "#DDD",
                  "borderRadius": 10,
                  "borderWidth": 1,
                  "fontSize": 16,
                  "height": 50,
                  "margin": 5,
                  "padding": 5,
                  "width": 250,
                },
                Object {},
              ]
            }
            underlineColorAndroid="rgba(0,0,0,0)"
            value={null}
          />
        </View>
      </View>
      <View>
        <View
          style={
            Object {
              "alignItems": "center",
              "flexDirection": "column",
              "justifyContent": "center",
              "padding": 7,
            }
          }
        >
          <Text
            accessible={true}
            allowFontScaling={true}
            ellipsizeMode="tail"
            style={
              Array [
                Object {
                  "color": "#333",
                  "fontSize": 18,
                  "fontWeight": "bold",
                  "marginTop": 5,
                },
                Object {},
              ]
            }
          >
            Email
          </Text>
          <TextInput
            allowFontScaling={true}
            maxLength={40}
            onChangeText={[Function]}
            placeholder="youremail@gmail.com"
            style={
              Array [
                Object {
                  "backgroundColor": "#fff",
                  "borderColor": "#DDD",
                  "borderRadius": 10,
                  "borderWidth": 1,
                  "fontSize": 16,
                  "height": 50,
                  "margin": 5,
                  "padding": 5,
                  "width": 250,
                },
                Object {},
              ]
            }
            underlineColorAndroid="rgba(0,0,0,0)"
            value={null}
          />
        </View>
      </View>
      <View>
        <View
          style={
            Object {
              "alignItems": "center",
              "flexDirection": "column",
              "justifyContent": "center",
              "padding": 7,
            }
          }
        >
          <Text
            accessible={true}
            allowFontScaling={true}
            ellipsizeMode="tail"
            style={
              Array [
                Object {
                  "color": "#333",
                  "fontSize": 18,
                  "fontWeight": "bold",
                  "marginTop": 5,
                },
                Object {},
              ]
            }
          >
            Contraseña
          </Text>
          <View>
            <View
              style={
                Array [
                  Object {
                    "backgroundColor": "#fff",
                    "borderColor": "#DDD",
                    "borderRadius": 10,
                    "borderWidth": 1,
                    "flexDirection": "row",
                    "height": 50,
                    "margin": 5,
                    "padding": 5,
                    "width": 250,
                  },
                  Object {},
                ]
              }
            >
              <TextInput
                allowFontScaling={true}
                maxLength={40}
                onChangeText={[Function]}
                secureTextEntry={true}
                style={
                  Object {
                    "backgroundColor": "#fff",
                    "fontSize": 18,
                    "margin": 0,
                    "padding": 0,
                    "width": "85%",
                  }
                }
                underlineColorAndroid="rgba(0,0,0,0)"
                value={null}
              />
              <View
                accessible={true}
                isTVSelectable={true}
                onResponderGrant={[Function]}
                onResponderMove={[Function]}
                onResponderRelease={[Function]}
                onResponderTerminate={[Function]}
                onResponderTerminationRequest={[Function]}
                onStartShouldSetResponder={[Function]}
                style={
                  Array [
                    Object {
                      "backgroundColor": "transparent",
                    },
                    undefined,
                  ]
                }
              >
                <Text
                  accessible={true}
                  allowFontScaling={false}
                  ellipsizeMode="tail"
                  style={
                    Array [
                      Object {
                        "color": "grey",
                        "fontSize": 30,
                      },
                      Object {
                        "marginTop": 6,
                      },
                      Object {
                        "fontFamily": "Ionicons",
                        "fontStyle": "normal",
                        "fontWeight": "normal",
                      },
                    ]
                  }
                >
                  
                </Text>
              </View>
            </View>
          </View>
        </View>
      </View>
      <View
        style={
          Object {
            "alignItems": "center",
            "flexDirection": "column",
            "justifyContent": "center",
            "padding": 7,
          }
        }
      >
        <View
          style={
            Object {
              "alignItems": "center",
              "flexDirection": "row",
              "justifyContent": "center",
              "padding": 20,
            }
          }
        >
          <View
            accessible={true}
            isTVSelectable={true}
            onResponderGrant={[Function]}
            onResponderMove={[Function]}
            onResponderRelease={[Function]}
            onResponderTerminate={[Function]}
            onResponderTerminationRequest={[Function]}
            onStartShouldSetResponder={[Function]}
            style={
              Object {
                "backgroundColor": "#000",
                "borderRadius": 10,
                "height": 50,
                "margin": 20,
                "opacity": 1,
                "overflow": "hidden",
                "padding": 10,
                "paddingLeft": 20,
                "paddingRight": 20,
              }
            }
          >
            <View>
              <Text
                accessible={true}
                allowFontScaling={true}
                ellipsizeMode="tail"
                style={
                  Array [
                    Object {
                      "color": "rgba(0,0,0,.6)",
                      "fontSize": 16,
                      "fontWeight": "bold",
                      "textAlign": "center",
                    },
                    Object {
                      "color": "#fff",
                    },
                  ]
                }
              >
                Registrarse
              </Text>
            </View>
          </View>
        </View>
      </View>
    </View>
  </View>
</RCTScrollView>
`;
